2025-11-07 03:55:13,510 [INFO] Connected to DB: D:\Quant Analytics App\database\quant_data.db
2025-11-07 03:55:13,510 [INFO] Table: tick_data
2025-11-07 03:55:13,513 [INFO]   - id (INTEGER)
2025-11-07 03:55:13,513 [INFO]   - symbol (VARCHAR)
2025-11-07 03:55:13,513 [INFO]   - timestamp (DATETIME)
2025-11-07 03:55:13,513 [INFO]   - price (FLOAT)
2025-11-07 03:55:13,513 [INFO]   - volume (FLOAT)
2025-11-07 03:55:13,513 [INFO] Table: resampled_data
2025-11-07 03:55:13,513 [INFO]   - id (INTEGER)
2025-11-07 03:55:13,513 [INFO]   - symbol (VARCHAR)
2025-11-07 03:55:13,513 [INFO]   - interval (VARCHAR)
2025-11-07 03:55:13,513 [INFO]   - timestamp (DATETIME)
2025-11-07 03:55:13,513 [INFO]   - open (FLOAT)
2025-11-07 03:55:13,513 [INFO]   - high (FLOAT)
2025-11-07 03:55:13,513 [INFO]   - low (FLOAT)
2025-11-07 03:55:13,513 [INFO]   - close (FLOAT)
2025-11-07 03:55:13,513 [INFO]   - volume (FLOAT)
2025-11-07 03:55:13,513 [INFO] Table: analytics_results
2025-11-07 03:55:13,513 [INFO]   - id (INTEGER)
2025-11-07 03:55:13,513 [INFO]   - symbol (VARCHAR)
2025-11-07 03:55:13,513 [INFO]   - metric_name (VARCHAR)
2025-11-07 03:55:13,513 [INFO]   - metric_value (FLOAT)
2025-11-07 03:55:13,513 [INFO]   - timestamp (DATETIME)
2025-11-07 03:55:13,608 [ERROR] Analytics error: Not enough points for Kalman.
2025-11-07 03:55:23,697 [ERROR] Analytics error: Not enough points for Kalman.
2025-11-07 03:55:33,781 [ERROR] Analytics error: Not enough points for Kalman.
2025-11-07 03:55:43,865 [ERROR] Analytics error: Not enough points for Kalman.
2025-11-07 03:55:53,954 [ERROR] Analytics error: Not enough points for Kalman.
2025-11-07 03:56:04,039 [ERROR] Analytics error: Not enough points for Kalman.
2025-11-07 03:56:14,132 [ERROR] Analytics error: Not enough points for Kalman.
2025-11-07 03:56:24,226 [ERROR] Analytics error: Not enough points for Kalman.
2025-11-07 03:56:34,314 [ERROR] Analytics error: Not enough points for Kalman.
2025-11-07 03:56:44,406 [ERROR] Analytics error: Not enough points for Kalman.
2025-11-07 03:56:54,510 [ERROR] Analytics error: Not enough points for Kalman.
2025-11-07 03:57:04,634 [ERROR] Analytics error: Not enough points for Kalman.
2025-11-07 03:57:14,739 [ERROR] Analytics error: Not enough points for Kalman.
2025-11-07 03:57:24,846 [ERROR] Analytics error: Not enough points for Kalman.
2025-11-07 03:57:39,123 [INFO] Connected to DB: D:\Quant Analytics App\database\quant_data.db
2025-11-07 03:57:39,125 [INFO] Table: tick_data
2025-11-07 03:57:39,125 [INFO]   - id (INTEGER)
2025-11-07 03:57:39,125 [INFO]   - symbol (VARCHAR)
2025-11-07 03:57:39,125 [INFO]   - timestamp (DATETIME)
2025-11-07 03:57:39,126 [INFO]   - price (FLOAT)
2025-11-07 03:57:39,126 [INFO]   - volume (FLOAT)
2025-11-07 03:57:39,126 [INFO] Table: resampled_data
2025-11-07 03:57:39,127 [INFO]   - id (INTEGER)
2025-11-07 03:57:39,127 [INFO]   - symbol (VARCHAR)
2025-11-07 03:57:39,127 [INFO]   - interval (VARCHAR)
2025-11-07 03:57:39,127 [INFO]   - timestamp (DATETIME)
2025-11-07 03:57:39,127 [INFO]   - open (FLOAT)
2025-11-07 03:57:39,127 [INFO]   - high (FLOAT)
2025-11-07 03:57:39,127 [INFO]   - low (FLOAT)
2025-11-07 03:57:39,127 [INFO]   - close (FLOAT)
2025-11-07 03:57:39,128 [INFO]   - volume (FLOAT)
2025-11-07 03:57:39,128 [INFO] Table: analytics_results
2025-11-07 03:57:39,128 [INFO]   - id (INTEGER)
2025-11-07 03:57:39,128 [INFO]   - symbol (VARCHAR)
2025-11-07 03:57:39,128 [INFO]   - metric_name (VARCHAR)
2025-11-07 03:57:39,128 [INFO]   - metric_value (FLOAT)
2025-11-07 03:57:39,128 [INFO]   - timestamp (DATETIME)
2025-11-07 03:57:39,230 [ERROR] Analytics error: Not enough points for Kalman.
2025-11-07 03:57:49,314 [ERROR] Analytics error: Not enough points for Kalman.
2025-11-07 03:57:59,406 [ERROR] Analytics error: Not enough points for Kalman.
2025-11-07 03:58:09,498 [ERROR] Analytics error: Not enough points for Kalman.
2025-11-07 03:58:19,580 [ERROR] Analytics error: Not enough points for Kalman.
2025-11-07 03:58:29,675 [ERROR] Analytics error: Not enough points for Kalman.
2025-11-07 03:58:39,806 [ERROR] Analytics error: Not enough points for Kalman.
2025-11-07 03:58:49,913 [ERROR] Analytics error: Not enough points for Kalman.
2025-11-07 03:59:00,010 [ERROR] Analytics error: Not enough points for Kalman.
2025-11-07 03:59:10,110 [ERROR] Analytics error: Not enough points for Kalman.
2025-11-07 04:06:29,760 [INFO] Connected to DB: D:\Quant Analytics App\database\quant_data.db
2025-11-07 04:06:29,760 [INFO] Table: tick_data -> ['id', 'symbol', 'timestamp', 'price', 'volume']
2025-11-07 04:06:29,760 [INFO] Table: resampled_data -> ['id', 'symbol', 'interval', 'timestamp', 'open', 'high', 'low', 'close', 'volume']
2025-11-07 04:06:29,760 [INFO] Table: analytics_results -> ['id', 'symbol', 'metric_name', 'metric_value', 'timestamp']
2025-11-07 04:06:29,760 [INFO] Starting continuous analytics loop...
2025-11-07 04:06:29,843 [WARNING] Skipping analytics cycle: index must be a MultiIndex to unstack, <class 'pandas.core.indexes.datetimes.DatetimeIndex'> was passed
2025-11-07 04:06:59,923 [WARNING] Skipping analytics cycle: index must be a MultiIndex to unstack, <class 'pandas.core.indexes.datetimes.DatetimeIndex'> was passed
2025-11-07 04:07:30,001 [WARNING] Skipping analytics cycle: index must be a MultiIndex to unstack, <class 'pandas.core.indexes.datetimes.DatetimeIndex'> was passed
2025-11-07 04:08:00,077 [WARNING] Skipping analytics cycle: index must be a MultiIndex to unstack, <class 'pandas.core.indexes.datetimes.DatetimeIndex'> was passed
2025-11-07 04:08:30,148 [WARNING] Skipping analytics cycle: index must be a MultiIndex to unstack, <class 'pandas.core.indexes.datetimes.DatetimeIndex'> was passed
2025-11-07 04:09:00,233 [WARNING] Skipping analytics cycle: index must be a MultiIndex to unstack, <class 'pandas.core.indexes.datetimes.DatetimeIndex'> was passed
2025-11-07 04:09:11,251 [INFO] Connected to DB: D:\Quant Analytics App\database\quant_data.db
2025-11-07 04:09:11,251 [INFO] Table: tick_data -> ['id', 'symbol', 'timestamp', 'price', 'volume']
2025-11-07 04:09:11,251 [INFO] Table: resampled_data -> ['id', 'symbol', 'interval', 'timestamp', 'open', 'high', 'low', 'close', 'volume']
2025-11-07 04:09:11,251 [INFO] Table: analytics_results -> ['id', 'symbol', 'metric_name', 'metric_value', 'timestamp']
2025-11-07 04:09:11,251 [INFO] Starting continuous analytics loop...
2025-11-07 04:09:11,331 [ERROR] Unexpected error: Only valid with DatetimeIndex, TimedeltaIndex or PeriodIndex, but got an instance of 'MultiIndex'
2025-11-07 04:09:21,407 [ERROR] Unexpected error: Only valid with DatetimeIndex, TimedeltaIndex or PeriodIndex, but got an instance of 'MultiIndex'
2025-11-07 04:09:31,476 [ERROR] Unexpected error: Only valid with DatetimeIndex, TimedeltaIndex or PeriodIndex, but got an instance of 'MultiIndex'
2025-11-07 04:09:41,561 [ERROR] Unexpected error: Only valid with DatetimeIndex, TimedeltaIndex or PeriodIndex, but got an instance of 'MultiIndex'
2025-11-07 04:09:51,637 [ERROR] Unexpected error: Only valid with DatetimeIndex, TimedeltaIndex or PeriodIndex, but got an instance of 'MultiIndex'
2025-11-07 04:10:01,714 [ERROR] Unexpected error: Only valid with DatetimeIndex, TimedeltaIndex or PeriodIndex, but got an instance of 'MultiIndex'
2025-11-07 04:10:16,601 [INFO] Connected to DB: D:\Quant Analytics App\database\quant_data.db
2025-11-07 04:10:16,601 [INFO] Table: tick_data -> ['id', 'symbol', 'timestamp', 'price', 'volume']
2025-11-07 04:10:16,601 [INFO] Table: resampled_data -> ['id', 'symbol', 'interval', 'timestamp', 'open', 'high', 'low', 'close', 'volume']
2025-11-07 04:10:16,601 [INFO] Table: analytics_results -> ['id', 'symbol', 'metric_name', 'metric_value', 'timestamp']
2025-11-07 04:10:16,601 [INFO] Starting continuous analytics loop...
2025-11-07 04:10:16,682 [WARNING] Skipping analytics cycle: No objects to concatenate
2025-11-07 04:10:46,759 [WARNING] Skipping analytics cycle: No objects to concatenate
2025-11-07 04:11:16,835 [WARNING] Skipping analytics cycle: No objects to concatenate
2025-11-07 04:11:46,909 [WARNING] Skipping analytics cycle: No objects to concatenate
2025-11-07 04:12:16,984 [WARNING] Skipping analytics cycle: No objects to concatenate
2025-11-07 04:12:47,053 [WARNING] Skipping analytics cycle: No objects to concatenate
2025-11-07 04:12:53,031 [INFO] Connected to DB: D:\Quant Analytics App\database\quant_data.db
2025-11-07 04:12:53,031 [INFO] Table: tick_data -> ['id', 'symbol', 'timestamp', 'price', 'volume']
2025-11-07 04:12:53,031 [INFO] Table: resampled_data -> ['id', 'symbol', 'interval', 'timestamp', 'open', 'high', 'low', 'close', 'volume']
2025-11-07 04:12:53,031 [INFO] Table: analytics_results -> ['id', 'symbol', 'metric_name', 'metric_value', 'timestamp']
2025-11-07 04:12:53,031 [INFO] Starting continuous analytics loop...
2025-11-07 04:12:53,115 [INFO] Fetched 0 ticks for BTCUSDT, ETHUSDT. Sample:
Empty DataFrame
Columns: [timestamp, symbol, price]
Index: []
2025-11-07 04:12:53,116 [WARNING] Skipping analytics cycle: No objects to concatenate
2025-11-07 22:15:12,105 [INFO] Connected to DB: D:\Quant Analytics App\database\quant_data.db
2025-11-07 22:15:12,105 [INFO] Table: tick_data -> ['id', 'symbol', 'timestamp', 'price', 'volume']
2025-11-07 22:15:12,105 [INFO] Table: resampled_data -> ['id', 'symbol', 'interval', 'timestamp', 'open', 'high', 'low', 'close', 'volume']
2025-11-07 22:15:12,105 [INFO] Table: analytics_results -> ['id', 'symbol', 'metric_name', 'metric_value', 'timestamp']
2025-11-07 22:15:12,107 [INFO] Starting continuous analytics loop...
2025-11-07 22:15:12,188 [INFO] Fetched 0 ticks for BTCUSDT, ETHUSDT. Sample:
Empty DataFrame
Columns: [timestamp, symbol, price]
Index: []
2025-11-07 22:15:12,188 [WARNING] No tick data available for resampling — returning empty DataFrame.
2025-11-07 22:15:12,188 [WARNING] Insufficient columns (0) for BTCUSDT-ETHUSDT.
2025-11-07 22:15:12,188 [WARNING] Falling back to 10s timeframe due to low overlap.
2025-11-07 22:15:12,188 [WARNING] No tick data available for resampling — returning empty DataFrame.
2025-11-07 22:15:12,190 [WARNING] Insufficient columns (0) for BTCUSDT-ETHUSDT.
2025-11-07 22:15:12,190 [WARNING] Skipping analytics cycle: Still insufficient even after fallback.
2025-11-07 22:15:42,260 [INFO] Fetched 0 ticks for BTCUSDT, ETHUSDT. Sample:
Empty DataFrame
Columns: [timestamp, symbol, price]
Index: []
2025-11-07 22:15:42,260 [WARNING] No tick data available for resampling — returning empty DataFrame.
2025-11-07 22:15:42,260 [WARNING] Insufficient columns (0) for BTCUSDT-ETHUSDT.
2025-11-07 22:15:42,260 [WARNING] Falling back to 10s timeframe due to low overlap.
2025-11-07 22:15:42,260 [WARNING] No tick data available for resampling — returning empty DataFrame.
2025-11-07 22:15:42,260 [WARNING] Insufficient columns (0) for BTCUSDT-ETHUSDT.
2025-11-07 22:15:42,260 [WARNING] Skipping analytics cycle: Still insufficient even after fallback.
2025-11-07 22:16:12,342 [INFO] Fetched 0 ticks for BTCUSDT, ETHUSDT. Sample:
Empty DataFrame
Columns: [timestamp, symbol, price]
Index: []
2025-11-07 22:16:12,342 [WARNING] No tick data available for resampling — returning empty DataFrame.
2025-11-07 22:16:12,344 [WARNING] Insufficient columns (0) for BTCUSDT-ETHUSDT.
2025-11-07 22:16:12,344 [WARNING] Falling back to 10s timeframe due to low overlap.
2025-11-07 22:16:12,344 [WARNING] No tick data available for resampling — returning empty DataFrame.
2025-11-07 22:16:12,344 [WARNING] Insufficient columns (0) for BTCUSDT-ETHUSDT.
2025-11-07 22:16:12,344 [WARNING] Skipping analytics cycle: Still insufficient even after fallback.
2025-11-07 23:08:03,095 [INFO] Connected to DB: D:\Quant Analytics App\database\quant_data.db
2025-11-07 23:08:03,095 [INFO] Table: tick_data -> ['id', 'symbol', 'timestamp', 'price', 'volume']
2025-11-07 23:08:03,095 [INFO] Table: resampled_data -> ['id', 'symbol', 'interval', 'timestamp', 'open', 'high', 'low', 'close', 'volume']
2025-11-07 23:08:03,095 [INFO] Table: analytics_results -> ['id', 'symbol', 'metric_name', 'metric_value', 'timestamp']
2025-11-07 23:08:03,095 [INFO] Starting analytics loop...
2025-11-07 23:08:03,577 [INFO] Dynamic lookback adjusted to 120 minutes
2025-11-07 23:08:06,567 [WARNING] Data insufficient: 1/1 aligned (100.0%). Need >= 10.
2025-11-07 23:08:06,567 [INFO] Falling back to 10s timeframe to attempt better overlap.
2025-11-07 23:08:06,624 [INFO] Data sufficiency OK: 26/26 aligned (100.0%) for BTCUSDT-ETHUSDT
2025-11-07 23:08:06,625 [INFO] Resampled bars count: 26
2025-11-07 23:08:06,647 [INFO] Analytics complete: BTCUSDT-ETHUSDT | OLS beta=0.061872 | Latest kalman=0.032941 | z=0.5151
2025-11-07 23:08:06,654 [ERROR] Unexpected analytics error: NOT NULL constraint failed: analytics_results.timestamp
2025-11-07 23:08:17,116 [INFO] Dynamic lookback adjusted to 120 minutes
2025-11-07 23:08:20,102 [WARNING] Data insufficient: 1/1 aligned (100.0%). Need >= 10.
2025-11-07 23:08:20,102 [INFO] Falling back to 10s timeframe to attempt better overlap.
2025-11-07 23:08:20,203 [INFO] Data sufficiency OK: 26/26 aligned (100.0%) for BTCUSDT-ETHUSDT
2025-11-07 23:08:20,204 [INFO] Resampled bars count: 26
2025-11-07 23:08:20,213 [INFO] Analytics complete: BTCUSDT-ETHUSDT | OLS beta=0.061872 | Latest kalman=0.032941 | z=0.5151
2025-11-07 23:08:20,220 [ERROR] Unexpected analytics error: NOT NULL constraint failed: analytics_results.timestamp
2025-11-07 23:08:30,687 [INFO] Dynamic lookback adjusted to 120 minutes
2025-11-07 23:08:33,663 [WARNING] Data insufficient: 1/1 aligned (100.0%). Need >= 10.
2025-11-07 23:08:33,663 [INFO] Falling back to 10s timeframe to attempt better overlap.
2025-11-07 23:08:33,714 [INFO] Data sufficiency OK: 26/26 aligned (100.0%) for BTCUSDT-ETHUSDT
2025-11-07 23:08:33,714 [INFO] Resampled bars count: 26
2025-11-07 23:08:33,725 [INFO] Analytics complete: BTCUSDT-ETHUSDT | OLS beta=0.061872 | Latest kalman=0.032941 | z=0.5151
2025-11-07 23:08:33,731 [ERROR] Unexpected analytics error: NOT NULL constraint failed: analytics_results.timestamp
2025-11-07 23:08:44,204 [INFO] Dynamic lookback adjusted to 120 minutes
2025-11-07 23:08:47,187 [WARNING] Data insufficient: 1/1 aligned (100.0%). Need >= 10.
2025-11-07 23:08:47,187 [INFO] Falling back to 10s timeframe to attempt better overlap.
2025-11-07 23:08:47,238 [INFO] Data sufficiency OK: 26/26 aligned (100.0%) for BTCUSDT-ETHUSDT
2025-11-07 23:08:47,240 [INFO] Resampled bars count: 26
2025-11-07 23:08:47,248 [INFO] Analytics complete: BTCUSDT-ETHUSDT | OLS beta=0.061872 | Latest kalman=0.032941 | z=0.5151
2025-11-07 23:08:47,254 [ERROR] Unexpected analytics error: NOT NULL constraint failed: analytics_results.timestamp
2025-11-07 23:08:57,744 [INFO] Dynamic lookback adjusted to 120 minutes
2025-11-07 23:09:00,946 [WARNING] Data insufficient: 1/1 aligned (100.0%). Need >= 10.
2025-11-07 23:09:00,946 [INFO] Falling back to 10s timeframe to attempt better overlap.
2025-11-07 23:09:01,047 [INFO] Data sufficiency OK: 26/26 aligned (100.0%) for BTCUSDT-ETHUSDT
2025-11-07 23:09:01,048 [INFO] Resampled bars count: 26
2025-11-07 23:09:01,056 [INFO] Analytics complete: BTCUSDT-ETHUSDT | OLS beta=0.061872 | Latest kalman=0.032941 | z=0.5151
2025-11-07 23:09:01,063 [ERROR] Unexpected analytics error: NOT NULL constraint failed: analytics_results.timestamp
2025-11-07 23:09:11,525 [INFO] Dynamic lookback adjusted to 120 minutes
2025-11-07 23:09:14,502 [WARNING] Data insufficient: 1/1 aligned (100.0%). Need >= 10.
2025-11-07 23:09:14,502 [INFO] Falling back to 10s timeframe to attempt better overlap.
2025-11-07 23:09:14,555 [INFO] Data sufficiency OK: 26/26 aligned (100.0%) for BTCUSDT-ETHUSDT
2025-11-07 23:09:14,557 [INFO] Resampled bars count: 26
2025-11-07 23:09:14,565 [INFO] Analytics complete: BTCUSDT-ETHUSDT | OLS beta=0.061872 | Latest kalman=0.032941 | z=0.5151
2025-11-07 23:09:14,573 [ERROR] Unexpected analytics error: NOT NULL constraint failed: analytics_results.timestamp
2025-11-07 23:09:25,036 [INFO] Dynamic lookback adjusted to 120 minutes
2025-11-07 23:09:28,180 [WARNING] Data insufficient: 1/1 aligned (100.0%). Need >= 10.
2025-11-07 23:09:28,180 [INFO] Falling back to 10s timeframe to attempt better overlap.
2025-11-07 23:09:28,240 [INFO] Data sufficiency OK: 26/26 aligned (100.0%) for BTCUSDT-ETHUSDT
2025-11-07 23:09:28,241 [INFO] Resampled bars count: 26
2025-11-07 23:09:28,249 [INFO] Analytics complete: BTCUSDT-ETHUSDT | OLS beta=0.061872 | Latest kalman=0.032941 | z=0.5151
2025-11-07 23:09:28,256 [ERROR] Unexpected analytics error: NOT NULL constraint failed: analytics_results.timestamp
2025-11-07 23:09:38,744 [INFO] Dynamic lookback adjusted to 120 minutes
2025-11-07 23:09:41,977 [WARNING] Data insufficient: 1/1 aligned (100.0%). Need >= 10.
2025-11-07 23:09:41,977 [INFO] Falling back to 10s timeframe to attempt better overlap.
2025-11-07 23:09:42,040 [INFO] Data sufficiency OK: 26/26 aligned (100.0%) for BTCUSDT-ETHUSDT
2025-11-07 23:09:42,044 [INFO] Resampled bars count: 26
2025-11-07 23:09:42,054 [INFO] Analytics complete: BTCUSDT-ETHUSDT | OLS beta=0.061872 | Latest kalman=0.032941 | z=0.5151
2025-11-07 23:09:42,058 [ERROR] Unexpected analytics error: NOT NULL constraint failed: analytics_results.timestamp
2025-11-07 23:09:52,523 [INFO] Dynamic lookback adjusted to 120 minutes
2025-11-07 23:09:55,707 [WARNING] Data insufficient: 1/1 aligned (100.0%). Need >= 10.
2025-11-07 23:09:55,707 [INFO] Falling back to 10s timeframe to attempt better overlap.
2025-11-07 23:09:55,755 [INFO] Data sufficiency OK: 26/26 aligned (100.0%) for BTCUSDT-ETHUSDT
2025-11-07 23:09:55,757 [INFO] Resampled bars count: 26
2025-11-07 23:09:55,760 [INFO] Analytics complete: BTCUSDT-ETHUSDT | OLS beta=0.061872 | Latest kalman=0.032941 | z=0.5151
2025-11-07 23:09:55,770 [ERROR] Unexpected analytics error: NOT NULL constraint failed: analytics_results.timestamp
2025-11-07 23:10:06,247 [INFO] Dynamic lookback adjusted to 120 minutes
2025-11-07 23:10:09,421 [WARNING] Data insufficient: 1/1 aligned (100.0%). Need >= 10.
2025-11-07 23:10:09,421 [INFO] Falling back to 10s timeframe to attempt better overlap.
2025-11-07 23:10:09,474 [INFO] Data sufficiency OK: 26/26 aligned (100.0%) for BTCUSDT-ETHUSDT
2025-11-07 23:10:09,474 [INFO] Resampled bars count: 26
2025-11-07 23:10:09,485 [INFO] Analytics complete: BTCUSDT-ETHUSDT | OLS beta=0.061872 | Latest kalman=0.032941 | z=0.5151
2025-11-07 23:10:09,491 [ERROR] Unexpected analytics error: NOT NULL constraint failed: analytics_results.timestamp
2025-11-07 23:10:19,975 [INFO] Dynamic lookback adjusted to 120 minutes
2025-11-07 23:10:23,229 [WARNING] Data insufficient: 1/1 aligned (100.0%). Need >= 10.
2025-11-07 23:10:23,229 [INFO] Falling back to 10s timeframe to attempt better overlap.
2025-11-07 23:10:23,280 [INFO] Data sufficiency OK: 26/26 aligned (100.0%) for BTCUSDT-ETHUSDT
2025-11-07 23:10:23,280 [INFO] Resampled bars count: 26
2025-11-07 23:10:23,291 [INFO] Analytics complete: BTCUSDT-ETHUSDT | OLS beta=0.061872 | Latest kalman=0.032941 | z=0.5151
2025-11-07 23:10:23,298 [ERROR] Unexpected analytics error: NOT NULL constraint failed: analytics_results.timestamp
2025-11-07 23:10:33,791 [INFO] Dynamic lookback adjusted to 120 minutes
2025-11-07 23:10:37,214 [WARNING] Data insufficient: 1/1 aligned (100.0%). Need >= 10.
2025-11-07 23:10:37,215 [INFO] Falling back to 10s timeframe to attempt better overlap.
2025-11-07 23:10:37,284 [INFO] Data sufficiency OK: 26/26 aligned (100.0%) for BTCUSDT-ETHUSDT
2025-11-07 23:10:37,286 [INFO] Resampled bars count: 26
2025-11-07 23:10:37,295 [INFO] Analytics complete: BTCUSDT-ETHUSDT | OLS beta=0.061872 | Latest kalman=0.032941 | z=0.5151
2025-11-07 23:10:37,303 [ERROR] Unexpected analytics error: NOT NULL constraint failed: analytics_results.timestamp
2025-11-07 23:10:47,969 [INFO] Dynamic lookback adjusted to 120 minutes
2025-11-07 23:10:52,686 [WARNING] Data insufficient: 1/1 aligned (100.0%). Need >= 10.
2025-11-07 23:10:52,686 [INFO] Falling back to 10s timeframe to attempt better overlap.
2025-11-07 23:10:52,792 [INFO] Data sufficiency OK: 26/26 aligned (100.0%) for BTCUSDT-ETHUSDT
2025-11-07 23:10:52,794 [INFO] Resampled bars count: 26
2025-11-07 23:10:52,802 [INFO] Analytics complete: BTCUSDT-ETHUSDT | OLS beta=0.061872 | Latest kalman=0.032941 | z=0.5151
2025-11-07 23:10:52,809 [ERROR] Unexpected analytics error: NOT NULL constraint failed: analytics_results.timestamp
2025-11-07 23:11:03,304 [INFO] Dynamic lookback adjusted to 120 minutes
2025-11-07 23:11:06,766 [WARNING] Data insufficient: 1/1 aligned (100.0%). Need >= 10.
2025-11-07 23:11:06,766 [INFO] Falling back to 10s timeframe to attempt better overlap.
2025-11-07 23:11:06,830 [INFO] Data sufficiency OK: 26/26 aligned (100.0%) for BTCUSDT-ETHUSDT
2025-11-07 23:11:06,831 [INFO] Resampled bars count: 26
2025-11-07 23:11:06,843 [INFO] Analytics complete: BTCUSDT-ETHUSDT | OLS beta=0.061872 | Latest kalman=0.032941 | z=0.5151
2025-11-07 23:11:06,850 [ERROR] Unexpected analytics error: NOT NULL constraint failed: analytics_results.timestamp
2025-11-07 23:11:17,333 [INFO] Dynamic lookback adjusted to 120 minutes
2025-11-07 23:11:20,452 [WARNING] Data insufficient: 1/1 aligned (100.0%). Need >= 10.
2025-11-07 23:11:20,454 [INFO] Falling back to 10s timeframe to attempt better overlap.
2025-11-07 23:11:20,507 [INFO] Data sufficiency OK: 26/26 aligned (100.0%) for BTCUSDT-ETHUSDT
2025-11-07 23:11:20,509 [INFO] Resampled bars count: 26
2025-11-07 23:11:20,511 [INFO] Analytics complete: BTCUSDT-ETHUSDT | OLS beta=0.061872 | Latest kalman=0.032941 | z=0.5151
2025-11-07 23:11:20,521 [ERROR] Unexpected analytics error: NOT NULL constraint failed: analytics_results.timestamp
2025-11-07 23:11:31,035 [INFO] Dynamic lookback adjusted to 120 minutes
2025-11-07 23:11:34,159 [WARNING] Data insufficient: 1/1 aligned (100.0%). Need >= 10.
2025-11-07 23:11:34,159 [INFO] Falling back to 10s timeframe to attempt better overlap.
2025-11-07 23:11:34,212 [INFO] Data sufficiency OK: 26/26 aligned (100.0%) for BTCUSDT-ETHUSDT
2025-11-07 23:11:34,214 [INFO] Resampled bars count: 26
2025-11-07 23:11:34,214 [INFO] Analytics complete: BTCUSDT-ETHUSDT | OLS beta=0.061872 | Latest kalman=0.032941 | z=0.5151
2025-11-07 23:11:34,227 [ERROR] Unexpected analytics error: NOT NULL constraint failed: analytics_results.timestamp
2025-11-07 23:11:44,693 [INFO] Dynamic lookback adjusted to 120 minutes
2025-11-07 23:11:47,795 [WARNING] Data insufficient: 1/1 aligned (100.0%). Need >= 10.
2025-11-07 23:11:47,795 [INFO] Falling back to 10s timeframe to attempt better overlap.
2025-11-07 23:11:47,849 [INFO] Data sufficiency OK: 26/26 aligned (100.0%) for BTCUSDT-ETHUSDT
2025-11-07 23:11:47,849 [INFO] Resampled bars count: 26
2025-11-07 23:11:47,861 [INFO] Analytics complete: BTCUSDT-ETHUSDT | OLS beta=0.061872 | Latest kalman=0.032941 | z=0.5151
2025-11-07 23:11:47,868 [ERROR] Unexpected analytics error: NOT NULL constraint failed: analytics_results.timestamp
2025-11-07 23:11:58,342 [INFO] Dynamic lookback adjusted to 120 minutes
2025-11-07 23:12:01,416 [WARNING] Data insufficient: 1/1 aligned (100.0%). Need >= 10.
2025-11-07 23:12:01,416 [INFO] Falling back to 10s timeframe to attempt better overlap.
2025-11-07 23:12:01,469 [INFO] Data sufficiency OK: 26/26 aligned (100.0%) for BTCUSDT-ETHUSDT
2025-11-07 23:12:01,471 [INFO] Resampled bars count: 26
2025-11-07 23:12:01,478 [INFO] Analytics complete: BTCUSDT-ETHUSDT | OLS beta=0.061872 | Latest kalman=0.032941 | z=0.5151
2025-11-07 23:12:01,484 [ERROR] Unexpected analytics error: NOT NULL constraint failed: analytics_results.timestamp
2025-11-07 23:12:11,978 [INFO] Dynamic lookback adjusted to 120 minutes
2025-11-07 23:12:15,168 [WARNING] Data insufficient: 1/1 aligned (100.0%). Need >= 10.
2025-11-07 23:12:15,168 [INFO] Falling back to 10s timeframe to attempt better overlap.
2025-11-07 23:12:15,226 [INFO] Data sufficiency OK: 26/26 aligned (100.0%) for BTCUSDT-ETHUSDT
2025-11-07 23:12:15,228 [INFO] Resampled bars count: 26
2025-11-07 23:12:15,236 [INFO] Analytics complete: BTCUSDT-ETHUSDT | OLS beta=0.061872 | Latest kalman=0.032941 | z=0.5151
2025-11-07 23:12:15,241 [ERROR] Unexpected analytics error: NOT NULL constraint failed: analytics_results.timestamp
2025-11-07 23:12:25,723 [INFO] Dynamic lookback adjusted to 120 minutes
2025-11-07 23:12:28,921 [WARNING] Data insufficient: 1/1 aligned (100.0%). Need >= 10.
2025-11-07 23:12:28,921 [INFO] Falling back to 10s timeframe to attempt better overlap.
2025-11-07 23:12:28,977 [INFO] Data sufficiency OK: 26/26 aligned (100.0%) for BTCUSDT-ETHUSDT
2025-11-07 23:12:28,978 [INFO] Resampled bars count: 26
2025-11-07 23:12:28,985 [INFO] Analytics complete: BTCUSDT-ETHUSDT | OLS beta=0.061872 | Latest kalman=0.032941 | z=0.5151
2025-11-07 23:12:28,992 [ERROR] Unexpected analytics error: NOT NULL constraint failed: analytics_results.timestamp
2025-11-07 23:12:39,489 [INFO] Dynamic lookback adjusted to 120 minutes
2025-11-07 23:12:42,834 [WARNING] Data insufficient: 1/1 aligned (100.0%). Need >= 10.
2025-11-07 23:12:42,834 [INFO] Falling back to 10s timeframe to attempt better overlap.
2025-11-07 23:12:42,905 [INFO] Data sufficiency OK: 26/26 aligned (100.0%) for BTCUSDT-ETHUSDT
2025-11-07 23:12:42,907 [INFO] Resampled bars count: 26
2025-11-07 23:12:42,915 [INFO] Analytics complete: BTCUSDT-ETHUSDT | OLS beta=0.061872 | Latest kalman=0.032941 | z=0.5151
2025-11-07 23:12:42,923 [ERROR] Unexpected analytics error: NOT NULL constraint failed: analytics_results.timestamp
2025-11-07 23:12:53,404 [INFO] Dynamic lookback adjusted to 120 minutes
2025-11-07 23:12:56,680 [WARNING] Data insufficient: 1/1 aligned (100.0%). Need >= 10.
2025-11-07 23:12:56,680 [INFO] Falling back to 10s timeframe to attempt better overlap.
2025-11-07 23:12:56,738 [INFO] Data sufficiency OK: 26/26 aligned (100.0%) for BTCUSDT-ETHUSDT
2025-11-07 23:12:56,738 [INFO] Resampled bars count: 26
2025-11-07 23:12:56,747 [INFO] Analytics complete: BTCUSDT-ETHUSDT | OLS beta=0.061872 | Latest kalman=0.032941 | z=0.5151
2025-11-07 23:12:56,753 [ERROR] Unexpected analytics error: NOT NULL constraint failed: analytics_results.timestamp
2025-11-07 23:13:07,361 [INFO] Dynamic lookback adjusted to 120 minutes
2025-11-07 23:13:11,369 [WARNING] Data insufficient: 1/1 aligned (100.0%). Need >= 10.
2025-11-07 23:13:11,369 [INFO] Falling back to 10s timeframe to attempt better overlap.
2025-11-07 23:13:11,511 [INFO] Data sufficiency OK: 26/26 aligned (100.0%) for BTCUSDT-ETHUSDT
2025-11-07 23:13:11,512 [INFO] Resampled bars count: 26
2025-11-07 23:13:11,524 [INFO] Analytics complete: BTCUSDT-ETHUSDT | OLS beta=0.061872 | Latest kalman=0.032941 | z=0.5151
2025-11-07 23:13:11,530 [ERROR] Unexpected analytics error: NOT NULL constraint failed: analytics_results.timestamp
2025-11-07 23:13:22,124 [INFO] Dynamic lookback adjusted to 120 minutes
2025-11-07 23:13:25,385 [WARNING] Data insufficient: 1/1 aligned (100.0%). Need >= 10.
2025-11-07 23:13:25,385 [INFO] Falling back to 10s timeframe to attempt better overlap.
2025-11-07 23:13:25,436 [INFO] Data sufficiency OK: 26/26 aligned (100.0%) for BTCUSDT-ETHUSDT
2025-11-07 23:13:25,436 [INFO] Resampled bars count: 26
2025-11-07 23:13:25,450 [INFO] Analytics complete: BTCUSDT-ETHUSDT | OLS beta=0.061872 | Latest kalman=0.032941 | z=0.5151
2025-11-07 23:13:25,455 [ERROR] Unexpected analytics error: NOT NULL constraint failed: analytics_results.timestamp
2025-11-07 23:13:35,931 [INFO] Dynamic lookback adjusted to 120 minutes
2025-11-07 23:13:39,098 [WARNING] Data insufficient: 1/1 aligned (100.0%). Need >= 10.
2025-11-07 23:13:39,099 [INFO] Falling back to 10s timeframe to attempt better overlap.
2025-11-07 23:13:39,153 [INFO] Data sufficiency OK: 26/26 aligned (100.0%) for BTCUSDT-ETHUSDT
2025-11-07 23:13:39,153 [INFO] Resampled bars count: 26
2025-11-07 23:13:39,163 [INFO] Analytics complete: BTCUSDT-ETHUSDT | OLS beta=0.061872 | Latest kalman=0.032941 | z=0.5151
2025-11-07 23:13:39,171 [ERROR] Unexpected analytics error: NOT NULL constraint failed: analytics_results.timestamp
2025-11-07 23:13:49,645 [INFO] Dynamic lookback adjusted to 120 minutes
2025-11-07 23:13:52,774 [WARNING] Data insufficient: 1/1 aligned (100.0%). Need >= 10.
2025-11-07 23:13:52,774 [INFO] Falling back to 10s timeframe to attempt better overlap.
2025-11-07 23:13:52,827 [INFO] Data sufficiency OK: 26/26 aligned (100.0%) for BTCUSDT-ETHUSDT
2025-11-07 23:13:52,831 [INFO] Resampled bars count: 26
2025-11-07 23:13:52,838 [INFO] Analytics complete: BTCUSDT-ETHUSDT | OLS beta=0.061872 | Latest kalman=0.032941 | z=0.5151
2025-11-07 23:13:52,843 [ERROR] Unexpected analytics error: NOT NULL constraint failed: analytics_results.timestamp
2025-11-07 23:14:03,327 [INFO] Dynamic lookback adjusted to 120 minutes
2025-11-07 23:14:06,463 [WARNING] Data insufficient: 1/1 aligned (100.0%). Need >= 10.
2025-11-07 23:14:06,463 [INFO] Falling back to 10s timeframe to attempt better overlap.
2025-11-07 23:14:06,568 [INFO] Data sufficiency OK: 26/26 aligned (100.0%) for BTCUSDT-ETHUSDT
2025-11-07 23:14:06,570 [INFO] Resampled bars count: 26
2025-11-07 23:14:06,578 [INFO] Analytics complete: BTCUSDT-ETHUSDT | OLS beta=0.061872 | Latest kalman=0.032941 | z=0.5151
2025-11-07 23:14:06,580 [ERROR] Unexpected analytics error: NOT NULL constraint failed: analytics_results.timestamp
2025-11-07 23:14:17,068 [INFO] Dynamic lookback adjusted to 120 minutes
2025-11-07 23:14:20,169 [WARNING] Data insufficient: 1/1 aligned (100.0%). Need >= 10.
2025-11-07 23:14:20,170 [INFO] Falling back to 10s timeframe to attempt better overlap.
2025-11-07 23:14:20,250 [INFO] Data sufficiency OK: 26/26 aligned (100.0%) for BTCUSDT-ETHUSDT
2025-11-07 23:14:20,252 [INFO] Resampled bars count: 26
2025-11-07 23:14:20,261 [INFO] Analytics complete: BTCUSDT-ETHUSDT | OLS beta=0.061872 | Latest kalman=0.032941 | z=0.5151
2025-11-07 23:14:20,266 [ERROR] Unexpected analytics error: NOT NULL constraint failed: analytics_results.timestamp
2025-11-07 23:14:30,763 [INFO] Dynamic lookback adjusted to 120 minutes
2025-11-07 23:14:33,907 [WARNING] Data insufficient: 1/1 aligned (100.0%). Need >= 10.
2025-11-07 23:14:33,907 [INFO] Falling back to 10s timeframe to attempt better overlap.
2025-11-07 23:14:33,968 [INFO] Data sufficiency OK: 26/26 aligned (100.0%) for BTCUSDT-ETHUSDT
2025-11-07 23:14:33,971 [INFO] Resampled bars count: 26
2025-11-07 23:14:33,979 [INFO] Analytics complete: BTCUSDT-ETHUSDT | OLS beta=0.061872 | Latest kalman=0.032941 | z=0.5151
2025-11-07 23:14:33,982 [ERROR] Unexpected analytics error: NOT NULL constraint failed: analytics_results.timestamp
2025-11-07 23:14:44,461 [INFO] Dynamic lookback adjusted to 120 minutes
2025-11-07 23:14:47,598 [WARNING] Data insufficient: 1/1 aligned (100.0%). Need >= 10.
2025-11-07 23:14:47,598 [INFO] Falling back to 10s timeframe to attempt better overlap.
2025-11-07 23:14:47,698 [INFO] Data sufficiency OK: 26/26 aligned (100.0%) for BTCUSDT-ETHUSDT
2025-11-07 23:14:47,699 [INFO] Resampled bars count: 26
2025-11-07 23:14:47,707 [INFO] Analytics complete: BTCUSDT-ETHUSDT | OLS beta=0.061872 | Latest kalman=0.032941 | z=0.5151
2025-11-07 23:14:47,711 [ERROR] Unexpected analytics error: NOT NULL constraint failed: analytics_results.timestamp
2025-11-07 23:14:58,196 [INFO] Dynamic lookback adjusted to 120 minutes
2025-11-07 23:15:01,492 [WARNING] Data insufficient: 1/1 aligned (100.0%). Need >= 10.
2025-11-07 23:15:01,492 [INFO] Falling back to 10s timeframe to attempt better overlap.
2025-11-07 23:15:01,567 [INFO] Data sufficiency OK: 26/26 aligned (100.0%) for BTCUSDT-ETHUSDT
2025-11-07 23:15:01,569 [INFO] Resampled bars count: 26
2025-11-07 23:15:01,580 [INFO] Analytics complete: BTCUSDT-ETHUSDT | OLS beta=0.061872 | Latest kalman=0.032941 | z=0.5151
2025-11-07 23:15:01,584 [ERROR] Unexpected analytics error: NOT NULL constraint failed: analytics_results.timestamp
2025-11-07 23:15:12,091 [INFO] Dynamic lookback adjusted to 120 minutes
2025-11-07 23:15:15,412 [WARNING] Data insufficient: 1/1 aligned (100.0%). Need >= 10.
2025-11-07 23:15:15,412 [INFO] Falling back to 10s timeframe to attempt better overlap.
2025-11-07 23:15:15,468 [INFO] Data sufficiency OK: 26/26 aligned (100.0%) for BTCUSDT-ETHUSDT
2025-11-07 23:15:15,469 [INFO] Resampled bars count: 26
2025-11-07 23:15:15,477 [INFO] Analytics complete: BTCUSDT-ETHUSDT | OLS beta=0.061872 | Latest kalman=0.032941 | z=0.5151
2025-11-07 23:15:15,481 [ERROR] Unexpected analytics error: NOT NULL constraint failed: analytics_results.timestamp
2025-11-07 23:15:25,987 [INFO] Dynamic lookback adjusted to 120 minutes
2025-11-07 23:15:29,162 [WARNING] Data insufficient: 1/1 aligned (100.0%). Need >= 10.
2025-11-07 23:15:29,162 [INFO] Falling back to 10s timeframe to attempt better overlap.
2025-11-07 23:15:29,210 [INFO] Data sufficiency OK: 26/26 aligned (100.0%) for BTCUSDT-ETHUSDT
2025-11-07 23:15:29,218 [INFO] Resampled bars count: 26
2025-11-07 23:15:29,226 [INFO] Analytics complete: BTCUSDT-ETHUSDT | OLS beta=0.061872 | Latest kalman=0.032941 | z=0.5151
2025-11-07 23:15:29,231 [ERROR] Unexpected analytics error: NOT NULL constraint failed: analytics_results.timestamp
2025-11-07 23:15:39,711 [INFO] Dynamic lookback adjusted to 120 minutes
2025-11-07 23:15:42,797 [WARNING] Data insufficient: 1/1 aligned (100.0%). Need >= 10.
2025-11-07 23:15:42,797 [INFO] Falling back to 10s timeframe to attempt better overlap.
2025-11-07 23:15:42,851 [INFO] Data sufficiency OK: 26/26 aligned (100.0%) for BTCUSDT-ETHUSDT
2025-11-07 23:15:42,851 [INFO] Resampled bars count: 26
2025-11-07 23:15:42,857 [INFO] Analytics complete: BTCUSDT-ETHUSDT | OLS beta=0.061872 | Latest kalman=0.032941 | z=0.5151
2025-11-07 23:15:42,866 [ERROR] Unexpected analytics error: NOT NULL constraint failed: analytics_results.timestamp
2025-11-07 23:15:53,348 [INFO] Dynamic lookback adjusted to 120 minutes
2025-11-07 23:15:56,383 [WARNING] Data insufficient: 1/1 aligned (100.0%). Need >= 10.
2025-11-07 23:15:56,383 [INFO] Falling back to 10s timeframe to attempt better overlap.
2025-11-07 23:15:56,438 [INFO] Data sufficiency OK: 26/26 aligned (100.0%) for BTCUSDT-ETHUSDT
2025-11-07 23:15:56,438 [INFO] Resampled bars count: 26
2025-11-07 23:15:56,443 [INFO] Analytics complete: BTCUSDT-ETHUSDT | OLS beta=0.061872 | Latest kalman=0.032941 | z=0.5151
2025-11-07 23:15:56,451 [ERROR] Unexpected analytics error: NOT NULL constraint failed: analytics_results.timestamp
2025-11-07 23:43:11,585 [INFO] Connected to DB: D:\Quant Analytics App\database\quant_data.db
2025-11-07 23:43:11,585 [INFO] Table: tick_data -> ['id', 'symbol', 'timestamp', 'price', 'volume']
2025-11-07 23:43:11,585 [INFO] Table: resampled_data -> ['id', 'symbol', 'interval', 'timestamp', 'open', 'high', 'low', 'close', 'volume']
2025-11-07 23:43:11,585 [INFO] Table: analytics_results -> ['id', 'symbol', 'metric_name', 'metric_value', 'timestamp']
2025-11-07 23:43:11,585 [INFO] Starting analytics loop...
2025-11-07 23:43:12,048 [INFO] Dynamic lookback adjusted to 120 minutes
2025-11-07 23:43:15,010 [WARNING] Data insufficient: 1/1 aligned (100.0%). Need >= 10.
2025-11-07 23:43:15,012 [INFO] Falling back to 10s timeframe to attempt better overlap.
2025-11-07 23:43:15,062 [INFO] Data sufficiency OK: 26/26 aligned (100.0%) for BTCUSDT-ETHUSDT
2025-11-07 23:43:15,062 [INFO] Resampled bars count: 26
2025-11-07 23:43:15,074 [INFO] Analytics complete: BTCUSDT-ETHUSDT | OLS beta=0.061872 | Latest kalman=0.032941 | z=0.5151
2025-11-07 23:43:15,077 [ERROR] Unexpected analytics error: NOT NULL constraint failed: analytics_results.timestamp
2025-11-07 23:43:25,538 [INFO] Dynamic lookback adjusted to 120 minutes
2025-11-07 23:43:28,509 [WARNING] Data insufficient: 1/1 aligned (100.0%). Need >= 10.
2025-11-07 23:43:28,509 [INFO] Falling back to 10s timeframe to attempt better overlap.
2025-11-07 23:43:28,609 [INFO] Data sufficiency OK: 26/26 aligned (100.0%) for BTCUSDT-ETHUSDT
2025-11-07 23:43:28,610 [INFO] Resampled bars count: 26
2025-11-07 23:43:28,619 [INFO] Analytics complete: BTCUSDT-ETHUSDT | OLS beta=0.061872 | Latest kalman=0.032941 | z=0.5151
2025-11-07 23:43:28,626 [ERROR] Unexpected analytics error: NOT NULL constraint failed: analytics_results.timestamp
2025-11-07 23:43:39,106 [INFO] Dynamic lookback adjusted to 120 minutes
2025-11-07 23:43:42,290 [WARNING] Data insufficient: 1/1 aligned (100.0%). Need >= 10.
2025-11-07 23:43:42,290 [INFO] Falling back to 10s timeframe to attempt better overlap.
2025-11-07 23:43:42,354 [INFO] Data sufficiency OK: 26/26 aligned (100.0%) for BTCUSDT-ETHUSDT
2025-11-07 23:43:42,355 [INFO] Resampled bars count: 26
2025-11-07 23:43:42,371 [INFO] Analytics complete: BTCUSDT-ETHUSDT | OLS beta=0.061872 | Latest kalman=0.032941 | z=0.5151
2025-11-07 23:43:42,383 [ERROR] Unexpected analytics error: NOT NULL constraint failed: analytics_results.timestamp
2025-11-07 23:43:52,898 [INFO] Dynamic lookback adjusted to 120 minutes
2025-11-07 23:43:55,957 [WARNING] Data insufficient: 1/1 aligned (100.0%). Need >= 10.
2025-11-07 23:43:55,957 [INFO] Falling back to 10s timeframe to attempt better overlap.
2025-11-07 23:43:56,012 [INFO] Data sufficiency OK: 26/26 aligned (100.0%) for BTCUSDT-ETHUSDT
2025-11-07 23:43:56,013 [INFO] Resampled bars count: 26
2025-11-07 23:43:56,022 [INFO] Analytics complete: BTCUSDT-ETHUSDT | OLS beta=0.061872 | Latest kalman=0.032941 | z=0.5151
2025-11-07 23:43:56,029 [ERROR] Unexpected analytics error: NOT NULL constraint failed: analytics_results.timestamp
2025-11-07 23:44:06,506 [INFO] Dynamic lookback adjusted to 120 minutes
2025-11-07 23:44:09,611 [WARNING] Data insufficient: 1/1 aligned (100.0%). Need >= 10.
2025-11-07 23:44:09,611 [INFO] Falling back to 10s timeframe to attempt better overlap.
2025-11-07 23:44:09,712 [INFO] Data sufficiency OK: 26/26 aligned (100.0%) for BTCUSDT-ETHUSDT
2025-11-07 23:44:09,713 [INFO] Resampled bars count: 26
2025-11-07 23:44:09,721 [INFO] Analytics complete: BTCUSDT-ETHUSDT | OLS beta=0.061872 | Latest kalman=0.032941 | z=0.5151
2025-11-07 23:44:09,728 [ERROR] Unexpected analytics error: NOT NULL constraint failed: analytics_results.timestamp
2025-11-07 23:46:45,818 [INFO] Connected to DB: D:\Quant Analytics App\database\quant_data.db
2025-11-07 23:46:45,818 [INFO] Table: tick_data -> ['id', 'symbol', 'timestamp', 'price', 'volume']
2025-11-07 23:46:45,818 [INFO] Table: resampled_data -> ['id', 'symbol', 'interval', 'timestamp', 'open', 'high', 'low', 'close', 'volume']
2025-11-07 23:46:45,818 [INFO] Table: analytics_results -> ['id', 'symbol', 'metric_name', 'metric_value', 'timestamp']
2025-11-07 23:46:45,818 [INFO] Starting analytics loop...
2025-11-07 23:46:46,297 [INFO] Dynamic lookback adjusted to 120 minutes
2025-11-07 23:46:49,322 [WARNING] Data insufficient: 1/1 aligned (100.0%). Need >= 10.
2025-11-07 23:46:49,322 [INFO] Falling back to 10s timeframe to attempt better overlap.
2025-11-07 23:46:49,372 [INFO] Data sufficiency OK: 26/26 aligned (100.0%) for BTCUSDT-ETHUSDT
2025-11-07 23:46:49,378 [INFO] Resampled bars count: 26
2025-11-07 23:46:49,381 [INFO] Analytics complete: BTCUSDT-ETHUSDT | OLS beta=0.061872 | Latest kalman=0.032941 | z=0.5151
2025-11-07 23:46:49,396 [ERROR] Unexpected analytics error: NOT NULL constraint failed: analytics_results.timestamp
2025-11-07 23:46:59,857 [INFO] Dynamic lookback adjusted to 120 minutes
2025-11-07 23:47:02,826 [WARNING] Data insufficient: 1/1 aligned (100.0%). Need >= 10.
2025-11-07 23:47:02,826 [INFO] Falling back to 10s timeframe to attempt better overlap.
2025-11-07 23:47:02,922 [INFO] Data sufficiency OK: 26/26 aligned (100.0%) for BTCUSDT-ETHUSDT
2025-11-07 23:47:02,923 [INFO] Resampled bars count: 26
2025-11-07 23:47:02,932 [INFO] Analytics complete: BTCUSDT-ETHUSDT | OLS beta=0.061872 | Latest kalman=0.032941 | z=0.5151
2025-11-07 23:47:02,935 [ERROR] Unexpected analytics error: NOT NULL constraint failed: analytics_results.timestamp
2025-11-07 23:47:13,422 [INFO] Dynamic lookback adjusted to 120 minutes
2025-11-07 23:47:16,667 [WARNING] Data insufficient: 1/1 aligned (100.0%). Need >= 10.
2025-11-07 23:47:16,667 [INFO] Falling back to 10s timeframe to attempt better overlap.
2025-11-07 23:47:16,726 [INFO] Data sufficiency OK: 26/26 aligned (100.0%) for BTCUSDT-ETHUSDT
2025-11-07 23:47:16,728 [INFO] Resampled bars count: 26
2025-11-07 23:47:16,736 [INFO] Analytics complete: BTCUSDT-ETHUSDT | OLS beta=0.061872 | Latest kalman=0.032941 | z=0.5151
2025-11-07 23:47:16,744 [ERROR] Unexpected analytics error: NOT NULL constraint failed: analytics_results.timestamp
2025-11-07 23:47:27,259 [INFO] Dynamic lookback adjusted to 120 minutes
2025-11-07 23:47:30,321 [WARNING] Data insufficient: 1/1 aligned (100.0%). Need >= 10.
2025-11-07 23:47:30,321 [INFO] Falling back to 10s timeframe to attempt better overlap.
2025-11-07 23:47:30,395 [INFO] Data sufficiency OK: 26/26 aligned (100.0%) for BTCUSDT-ETHUSDT
2025-11-07 23:47:30,397 [INFO] Resampled bars count: 26
2025-11-07 23:47:30,411 [INFO] Analytics complete: BTCUSDT-ETHUSDT | OLS beta=0.061872 | Latest kalman=0.032941 | z=0.5151
2025-11-07 23:47:30,419 [ERROR] Unexpected analytics error: NOT NULL constraint failed: analytics_results.timestamp
2025-11-07 23:52:47,170 [INFO] Connected to DB: D:\Quant Analytics App\database\quant_data.db
2025-11-07 23:52:47,170 [INFO] Table: tick_data -> ['id', 'symbol', 'timestamp', 'price', 'volume']
2025-11-07 23:52:47,170 [INFO] Table: resampled_data -> ['id', 'symbol', 'interval', 'timestamp', 'open', 'high', 'low', 'close', 'volume']
2025-11-07 23:52:47,170 [INFO] Table: analytics_results -> ['id', 'symbol', 'metric_name', 'metric_value', 'timestamp']
2025-11-07 23:52:47,170 [INFO] Starting analytics loop...
2025-11-07 23:52:47,662 [INFO] Dynamic lookback adjusted to 120 minutes
2025-11-07 23:52:50,648 [WARNING] Data insufficient: 1/1 aligned (100.0%). Need >= 10.
2025-11-07 23:52:50,648 [INFO] Falling back to 10s timeframe to attempt better overlap.
2025-11-07 23:52:50,699 [INFO] Data sufficiency OK: 26/26 aligned (100.0%) for BTCUSDT-ETHUSDT
2025-11-07 23:52:50,700 [INFO] Resampled bars count: 26
2025-11-07 23:52:50,710 [INFO] Analytics complete: BTCUSDT-ETHUSDT | OLS beta=0.061872 | Latest kalman=0.032941 | z=0.5151
2025-11-07 23:52:50,720 [INFO] Saved 9 metrics for BTCUSDT_ETHUSDT
2025-11-07 23:52:50,725 [INFO] CSV preview updated: D:\Quant Analytics App\backend\analytics_preview.csv
2025-11-07 23:53:47,963 [INFO] Analytics loop stopped manually.
